{"12181580019907539758":null,"11972400984254300010":null,"10375274691097618004":null,"12120859539159115232":null,"5131700644615752668":null,"3231568420048879548":null,"9735189152945221183":null,"4599386515511652768":null,"17008700444277183868":null,"8630999748846005077":null,"7110809950916913632":null,"16759642536673281783":null,"6509303035722587255":null,"1690528160430342134":null,"1084680884110969845":null,"14285076166789968477":null,"12147959928436654657":null,"2893555292636316655":null,"16663767476867692745":null,"9041673698812697211":null,"16776147367976724326":null,"8009413306815030607":null,"15485730450315502097":null,"2327812528563790308":null,"17771096320002403734":null,"11890551940695483999":null,"1748518773080883745":null,"9385718928199004167":null,"15577748048053277542":null,"18016770791737863079":null,"5924226774919225723":null,"6243371122201920875":null,"6456875108666694071":null,"15863040732720483664":null,"5332021819831669135":null,"4035171344836261560":null,"9439686304525347934":null,"6778528131933239953":null,"3865693408382228854":null,"12164053846256395827":null,"1177352800762770158":null,"18410690229214416534":null,"15803556939924008336":null,"10392999168896996338":null,"15291319560865695503":null,"15349433946985118225":null,"5579898691711177157":null,"9145026144055615012":null,"15433852103374449850":null,"3279370929551576990":null,"6169275094563152344":null,"4934986455525899418":null,"15396195979447496863":null,"1656734321179380383":null,"6042440907371214300":null,"1567779334226698389":null,"9928465133205562995":null,"2493059280451007052":null,"10818177394801623039":null,"5912171709665758504":null,"11198414625869312531":null,"10957326973596876093":null,"812227371334992752":null,"10403701565801992557":null,"5555810818517402211":null,"7689790897760110018":null,"17138155266163481352":null,"4669284452701788767":null,"8753741766585212235":null,"3959502550454005251":null,"3971216973130794110":null,"427399792887668282":null,"9416850560746368476":null,"3494974219108584467":null,"9694101911306952926":null,"1336126288353338693":null,"1190674004896280733":null,"11853257091181344326":null,"12421112254526276404":null,"9560847630099425600":null,"11936623929818060549":null,"2070336329448846689":null,"13508532157666407311":null,"17346821857996637527":null,"4119607850449958429":null,"16408474968401390315":null,"2125552724932177808":null,"15641593560318826824":null,"859574264437019687":null,"8857629885697249592":null,"8315438125785134713":null,"8215702046560089280":null,"2143580192154556404":null,"4027157516954316761":null,"16366160748857052645":null,"4409844695709787369":null,"1134498510473798115":null,"1976910976860388002":null,"7095491907049546521":null,"8602076233471996538":null,"1739947044300183226":null,"17394017955147565":null,"14047234937002608323":null,"7539241609477561249":null,"7993567004967231980":null,"4116970323427935007":null,"18187289999090101191":null,"2995311974372670409":null,"2458542021955970818":null,"4662846902736957218":null,"2472247858792235744":null,"12356614360917239713":null,"11014993464361158599":null,"9248062644310867976":null,"16345462631757148939":null,"16809426254270513502":null,"4478832798860563071":null,"9210202129559550635":null,"12098017994492639661":null,"4207276576792591413":null,"18095585426211552155":null,"12939645710436497492":null,"13524422850158142615":null,"11244748900403625845":null,"6452763284774452714":null,"879528902375568165":null,"17679242435009993571":null,"11327796930397346206":null,"12942611125461685519":null,"3754005715715004631":null,"8042476165271847832":null,"12636321035975815279":null,"17723273213394041066":null,"6391171416032290595":null,"2946558816624037355":null,"8529757598320784037":null,"5728331922593306625":null,"3791717690561328853":null,"3277215376770100249":null,"17604944832279766488":null,"14393687753379610220":null,"10978446757505402498":null,"8454810227494367660":null,"14436195639420054079":null,"6456186828663259229":null,"13969114317857202355":null,"4610867139069877496":null,"14858607420217262609":null,"15176898897675459515":null,"422070581452121152":null,"4627922200797634892":null,"11346399544994414765":null,"11857204508784798335":null,"13579480361901385690":null,"14276226793706458110":null,"16951813270408716209":null,"14773029823147228991":null,"9289619303066734086":null,"6956762913180390491":null,"16134378780848860825":null,"3220598704262918861":null,"14866878272113393670":null,"9980476076898546224":null,"11563007859167344718":null,"11913645633394266759":null,"12188032575169317052":null,"13717224603862711110":null,"16964893185818796240":null,"1208673279250047399":null,"8646815862154302658":null,"8541229221262753249":null,"4403380652370055880":null,"12016250158220884986":null,"1127421473577560950":null,"9579419378093454354":null,"16730806611536917833":null,"316703854886738714":null,"13347320010882868604":null,"12389406960744837231":null,"5726213371865228439":null,"1251149792680024589":null,"7250609252499044092":null,"5422494974138154169":null,"15998104273353888252":null,"7072435431410696835":null,"7256435043790225199":null,"4098968627818862312":null,"10086278661776685121":null,"13614893829944795045":null,"17525913130381651553":null,"5412863025152796733":null,"15402209702778837443":null,"16114486264315088472":null,"4793623856143000809":null,"15264468870671012575":null,"12204576516759221184":null,"17254786220123478745":null,"355769758919223723":null,"10976343775180798738":null,"15079819111343958741":null,"13998785610836991514":null,"8173321312572477884":null,"10814646060917324911":null,"1045345581704962156":null,"5464841765135254488":null,"1637402518922071705":null,"17516946537892762096":null,"2901067657560351891":null,"12562670784406865046":null,"12671717686158176066":null,"6434253824262302912":null,"10180828586532503048":null,"8843657205755686577":null,"13467804017372620597":null,"6004275815943578131":null,"1978917824394047839":null,"14410748014312183979":null,"12164022918141428926":null,"2061863805219194305":null,"7558376959177640583":null,"17563426276149194532":null,"4312159321216005884":null,"4228685491185308945":null,"7131405779885225841":null,"6133502144784054878":null,"1301604144756786971":null,"7469280753210948428":null,"4245692296693748202":null,"16258851184675970800":null,"11594601028919133907":null,"5912866881791773400":null,"5434224186520662204":null,"6672544231035803608":null,"16779813814883797876":null,"9557053888387220995":null,"3974027873959987637":null,"14391309797804267940":null,"17671860169319639815":null,"8275581067278058282":null,"4724238510528083125":null,"10240499233067112169":null,"18228584361515837769":null,"14545988643806415028":null,"11241286498748750359":null,"15415834517856901545":null,"2131444908866424115":null,"2553715540744233983":null,"17627974824682836450":null,"12564129874311499962":null,"18174502876060244276":null,"11262250555043407527":null,"14815513198390301618":null,"9343896976771168170":null,"14120432119978480203":null,"9299536234692446806":null,"4759831123522135284":null,"15089833547437881464":null,"5112564468851702811":null,"17676209943203895428":null,"11235728540026700748":null,"6906999278924449574":null,"12541356617118194820":null,"4555054620102147179":null,"9509645480951343333":null,"17779486667753708250":null,"5466846896777997095":null,"1693959499027192421":null,"15093628341969612654":null,"16131895814748064614":null,"13316233059802764751":null,"8550226988956249219":null,"14274291141133187506":null,"3528367578686216760":null,"2492523091117403111":null,"533749806761529285":null,"12447703924120037477":null,"17777175382379375347":null,"14145310473022967943":null,"5199010957540088567":null,"7275010541018130186":null,"4205525246279944840":null,"11476692041171981988":null,"6754170335511372477":null,"6932385062411371583":null,"13562112863362935567":null,"10510608730634765019":null,"15011024009838964241":null,"8962590724304441594":null,"9576527218051516910":null,"9696471230190754873":null,"1107067339386136849":null,"18006342167407124951":null,"2016303778503959290":null,"15751437655289860456":null,"4013539858317677462":null,"31940392894108075":null,"9187653879368812919":null,"5733336511398462769":null,"11012741925104351866":null,"9788050637852567771":null,"10194020455384716293":null,"997838626448798381":null,"10135002475793740112":null,"10668727027824773503":null,"6251152893329585319":null,"13304278242665731146":null,"3919991700134488624":null,"4593359240330953074":null,"12170278545701592781":null,"18194933690012449030":null,"14881246935447528511":null,"10342465579284987401":null,"7326358827045159191":null,"15868633352262266227":null,"11179935651735509219":null,"14083907038627218963":null,"5586190605623974659":null,"9024207225299852383":null,"15727322440538890403":null,"9072951087008581131":null,"10391848231414833032":null,"15387154531881790281":null,"2366000857061492338":null,"9310764925408503952":null,"13298123019040585545":null,"17404896452387202075":null,"9119022717123148291":null,"3366143088604091774":null,"17087136550856960907":null,"12526134017818392625":null,"2829696646840093663":null,"13127583647383554028":null,"1957747086308851773":null,"6803590524589307031":null,"6824953943072219352":null,"13628941587613253917":null,"11536732419964381978":null,"11690018360362214363":null,"17790184669106327452":null,"8693714282437596504":null,"17306562789715018660":null,"2443839871002599106":null,"7848214286457015561":null,"14652379081996399480":null,"7794388995607542922":null,"12776991085881774506":null,"12251730310767231055":null,"4281511021715545948":null,"5641054402292264159":null,"2456504842698509757":null,"16140051531780133008":null,"15677875644904908033":null,"12431850996901066479":null,"140865120521491828":null,"12493326552575013146":null,"15783195696668381276":null,"12162533965728409442":null,"14852897706065396743":null,"13294243941805543445":null,"3810367900043339965":null,"8575712078014856737":null,"3930773216752852327":null,"5400194788104911726":null,"11873175669397440106":null,"12784405387997672572":null,"15744719592085406964":null,"874389048893449082":null,"10229887564531304674":null,"14968970649887844242":null,"16048321089298935719":null,"8468884147740118438":null,"12977890418779887952":null,"9127031400912450026":null,"14768257233288497638":null,"7608668704712948802":null,"10512219277644324788":null,"15293150630641725785":null,"2890207432050124279":null,"15052657788153660849":null,"8875377149213872890":null,"4612757944835238048":null,"9858138401349976793":null,"17403579930608470146":null,"5807020401683450729":null,"9792719936462070179":null,"14280124896826426214":null,"15863883628844897193":null,"10826997570964054617":null,"2516558116040999503":null,"14922091986859359842":null,"8414712453231576509":null,"16425499646793893563":null,"5182599002287511527":null,"4850614869950657344":null,"7670805589972809293":null,"8144628555833283760":null,"8610238456421692088":null,"18221537958234731503":null,"4716434494113336901":null,"10808433970279795540":null,"6461897876844365227":null,"4982007584450496265":null,"13304071566630013771":null,"12147541869140492328":null,"12446468879792960704":null,"17588889149692960386":null,"3405344555584660849":null,"6776922194250528399":null,"236121465306979244":null,"14427316480465110516":null,"1918875733330351759":null,"14383738806809873146":null,"12881234958994765070":null,"12489343358965937832":null,"8795910087847898341":null,"4378260849837114150":null,"3999790000604254123":null,"9069820249877389442":null,"7991513862402331055":null,"10383684324650742264":null,"16158576710993213799":null,"10164491021701541472":null,"17670529892896523662":null,"5965543718552438247":null,"15496836322984986103":null,"12709113634612405055":null,"4473082230267011368":null,"8047007459654880229":null,"17119430498563149074":null,"3399525740663954071":null,"11091667176475201327":null,"11701879877241048562":null,"12304879183400471912":null,"11285525538807395536":null,"6487799954032686815":null,"13413957243402754635":null,"1830232326389366563":null,"10114083967336552858":null,"17982887239998649359":null,"9154235062866076382":null,"6397569771235751711":null,"7119894586268165401":null,"1317430037192412931":null,"6645515332379445444":null,"11968733993087251100":null,"15223676877066093853":null,"14901714584019082818":null,"8336564056567951589":null,"5931613385327973389":null,"16094579509711926874":null,"17271180474944570303":null,"507379416319638264":null,"5268060993681165379":null,"11021159291035194131":null,"13757346122686717024":null,"15517169359301913500":null,"15660952565030950084":null,"16630005849383445987":null,"16985167041567450869":null,"718315318329365689":null,"16240749494180876675":null,"7826120800136345972":null,"1729358721682483144":null,"1266296740976680146":null,"8231954546191368909":null,"10113512325623480561":null,"17123057265040414315":null,"14926647752124289097":null,"7048781197812106057":null,"7967967338301842656":null,"13295782556490381805":null,"3623045687605508801":null,"14705823171920088493":null,"68164089136239420":null,"9243744769192241331":null,"5278964879290141315":null,"11530416350415089282":null,"5336528041209722025":null,"14919285506829102405":null,"2110229448631401404":null,"6751939773254594170":null,"10657323715331248944":null,"5473184333079063236":null,"12043208535676722656":null,"14682402407177626858":null,"10036299389483419235":null,"13557607623406055714":null,"14773149770521176575":null,"7910319240433579022":null,"15471059620780271705":null,"9387931247166097376":null,"10750354781298582998":null,"2994990942807093158":null,"18054876047371871561":null,"17692258448819801062":null,"2816627232926564085":null,"12822380104426313077":null,"6013218851873785136":null,"18116873573706818677":null,"3583394976240047443":null,"17229812444422728618":null,"9533259880092848155":null,"9629730937837845383":null,"14820910295681720796":null,"14527703834204681253":null,"9752707108105805662":null,"7978174192341510824":null,"17310759799884697638":null,"15826267180696613158":null,"2900186120603481400":null,"10558063815940300323":null,"15124163623992738245":null,"12836942134855451880":null,"5977632853993479345":null,"15411504283227388971":null,"4821379915017924406":null,"8079515883958070557":null,"650583347425195982":null,"8796157282115884109":null,"7193432811330366642":null,"7520450183636785332":null,"6520642287356555619":null,"995559322341726810":null,"3065926562728729097":null,"667079823901009489":null,"13634142626281924710":null,"3093074928661985274":null,"4797604880043281638":null,"12503042424920664672":null,"14573075132194752715":null,"10287510549912134629":null,"10284549645354238825":null,"10136826327226207078":null,"13499710824000773960":null,"18127900465445684974":null,"5959482231548923097":null,"826558214519835197":null,"15213468248163971484":null}